[INFO] sufler mode: mic probe skipped
[INFO] Using default Windows microphone
[INFO] Adjusting for ambient noise from Default Speaker. Calibrating with built-in test tone...
[INFO] Completed ambient noise adjustment for Default Speaker.
[INFO] Loading Faster Whisper model (medium)...
[INFO] Faster Whisper using CUDA
[INFO] Loaded 285 prepared answers from answers.md
[INFO] AI suggestions enabled via https://opencode.ai/zen/go/v1 (glm-5.3-flash)
[INFO] global pause hotkey armed: Ctrl (works anywhere)
[CONTROL] РЕЖИМ ОЧІКУВАННЯ: стрічка нічого не показує.
[CONTROL] Натисни ENTER у консолі, коли інтерв'ю перейде на англійську.
[CONTROL] Наступний ENTER поверне в очікування.
READY
[CONTROL] ENTER -> АНГЛІЙСЬКИЙ РЕЖИМ АКТИВНИЙ (слухаю тільки нове)
[MATCH] question complete: How do you usually design and organize prefabs when you know that the same feature, pop-up
[AI] dynamic answer: When I know a feature will need variants, I first find the stable parts: the hie
[PROMPT] START ribbon: When I know a feature will need variants, I first find the stable part
[PROMPT] paused
[PROMPT] resumed
[MATCH] question complete: What is your experience with addressables in Unity, and can you explain how you understand
[AI] dynamic answer: I know Addressables at a solid working level. Groups let me sort content and mar
[PROMPT] START ribbon: I know Addressables at a solid working level. Groups let me sort conte
[INFO] sufler mode: mic probe skipped
[INFO] Using default Windows microphone
[INFO] Adjusting for ambient noise from Default Speaker. Calibrating with built-in test tone...
[INFO] Completed ambient noise adjustment for Default Speaker.
[INFO] Loading Faster Whisper model (medium)...
[INFO] Faster Whisper using CUDA
[INFO] Loaded 285 prepared answers from answers.md
[INFO] AI suggestions enabled via https://opencode.ai/zen/go/v1 (glm-5.3-flash)
[INFO] global pause hotkey armed: Ctrl (works anywhere)
[CONTROL] РЕЖИМ ОЧІКУВАННЯ: стрічка нічого не показує.
[CONTROL] Натисни ENTER у консолі, коли інтерв'ю перейде на англійську.
[CONTROL] Наступний ENTER поверне в очікування.
READY
[CONTROL] ENTER -> АНГЛІЙСЬКИЙ РЕЖИМ АКТИВНИЙ (слухаю тільки нове)
[MATCH] question complete: And can you explain how you understand addressables groups, local vs remote content, loadi
[AI] latency 5.8s, words 50
[AI] dynamic answer: Addressables groups are folders that decide how assets are packed and where they
[PROMPT] START ribbon: Addressables groups are folders that decide how assets are packed and 
[PROMPT] paused
[PROMPT] resumed
[PROMPT] paused
[PROMPT] resumed
[PROMPT] paused
[PROMPT] resumed
[MATCH] question complete: Can you describe your experience with Unity UI and explain how you would build an interact
[AI] latency 27.0s, words 50
[AI] dynamic answer: I've built a lot of Unity UI, mostly HUDs and menus. I keep game state and visua
[PROMPT] START ribbon: I've built a lot of Unity UI, mostly HUDs and menus. I keep game state
[INFO] sufler mode: mic probe skipped
[INFO] Using default Windows microphone
[INFO] Adjusting for ambient noise from Default Speaker. Calibrating with built-in test tone...
[INFO] Completed ambient noise adjustment for Default Speaker.
[INFO] Loading Faster Whisper model (medium)...
[INFO] Faster Whisper using CUDA
[INFO] Loaded 285 prepared answers from answers.md
[INFO] AI suggestions enabled via https://opencode.ai/zen/go/v1 (glm-5.3-flash)
[INFO] global pause hotkey armed: Ctrl (works anywhere)
[CONTROL] РЕЖИМ ОЧІКУВАННЯ: стрічка нічого не показує.
[CONTROL] Натисни ENTER у консолі, коли інтерв'ю перейде на англійську.
[CONTROL] Наступний ENTER поверне в очікування.
READY
[CONTROL] ENTER -> АНГЛІЙСЬКИЙ РЕЖИМ АКТИВНИЙ (слухаю тільки нове)
[MATCH] question complete: Can you describe your experience with Unity UI and explain how you would build an interact
[INFO] sufler mode: mic probe skipped
[INFO] Using default Windows microphone
[INFO] Adjusting for ambient noise from Default Speaker. Calibrating with built-in test tone...
[INFO] Completed ambient noise adjustment for Default Speaker.
[INFO] Loading Faster Whisper model (medium)...
[INFO] Faster Whisper using CUDA
[INFO] Loaded 285 prepared answers from answers.md
[INFO] AI suggestions enabled via https://opencode.ai/zen/go/v1 (glm-5.3-flash)
[INFO] global pause hotkey armed: Ctrl (works anywhere)
[CONTROL] РЕЖИМ ОЧІКУВАННЯ: стрічка нічого не показує.
[CONTROL] Натисни ENTER у консолі, коли інтерв'ю перейде на англійську.
[CONTROL] Наступний ENTER поверне в очікування.
READY
[INFO] sufler mode: mic probe skipped
[INFO] Using default Windows microphone
[INFO] Adjusting for ambient noise from Default Speaker. Calibrating with built-in test tone...
[INFO] Completed ambient noise adjustment for Default Speaker.
[INFO] Loading Faster Whisper model (medium)...
[INFO] Faster Whisper using CUDA
[INFO] Loaded 285 prepared answers from answers.md
[INFO] AI suggestions enabled via https://opencode.ai/zen/go/v1 (glm-5.3-flash)
[INFO] global pause hotkey armed: Ctrl (works anywhere)
[CONTROL] РЕЖИМ ОЧІКУВАННЯ: стрічка нічого не показує.
[CONTROL] Натисни ENTER у консолі, коли інтерв'ю перейде на англійську.
[CONTROL] Наступний ENTER поверне в очікування.
READY
[CONTROL] ENTER -> АНГЛІЙСЬКИЙ РЕЖИМ АКТИВНИЙ (слухаю тільки нове)
[MATCH] question complete: What is your experience with Addressables in Unity, and can you explain how you understand
[AI] latency 1.8s, words 50
[AI] dynamic answer: I know Addressables basics. I've grouped content and split local versus remote, 
[PROMPT] START ribbon: I know Addressables basics. I've grouped content and split local versu
[INFO] sufler mode: mic probe skipped
[INFO] Using default Windows microphone
[INFO] Adjusting for ambient noise from Default Speaker. Calibrating with built-in test tone...
[INFO] Completed ambient noise adjustment for Default Speaker.
[INFO] Loading Faster Whisper model (medium)...
[INFO] Faster Whisper using CUDA
[INFO] Loaded 285 prepared answers from answers.md
[INFO] AI suggestions enabled via https://opencode.ai/zen/go/v1 (glm-5.3-flash)
[INFO] global pause hotkey armed: Ctrl (works anywhere)
[CONTROL] РЕЖИМ ОЧІКУВАННЯ: стрічка нічого не показує.
[CONTROL] Натисни ENTER у консолі, коли інтерв'ю перейде на англійську.
[CONTROL] Наступний ENTER поверне в очікування.
READY
[CONTROL] ENTER -> АНГЛІЙСЬКИЙ РЕЖИМ АКТИВНИЙ (слухаю тільки нове)
[MATCH] question complete: And can you explain how you understand addressables groups, local versus remote content, l
[AI] latency 4.9s, words 50
[AI] dynamic answer: I group assets by how they load and ship. Local groups go in the build, remote g
[PROMPT] START ribbon: I group assets by how they load and ship. Local groups go in the build
[MATCH] question complete: Can you describe your experience with Unity UI and explain how you would build an interact
[AI] latency 14.0s, words 45
[AI] dynamic answer: I keep game state and visuals separate. The UI listens for updates, changes visu
[PROMPT] START ribbon: I keep game state and visuals separate. The UI listens for updates, ch
[INFO] sufler mode: mic probe skipped
[INFO] Using default Windows microphone
[INFO] Adjusting for ambient noise from Default Speaker. Calibrating with built-in test tone...
[INFO] Completed ambient noise adjustment for Default Speaker.
[INFO] Loading Faster Whisper model (medium)...
[INFO] Faster Whisper using CUDA
[INFO] Loaded 285 prepared answers from answers.md
[INFO] AI suggestions enabled via https://opencode.ai/zen/go/v1 (glm-5.3-flash)
[INFO] global pause hotkey armed: Ctrl (works anywhere)
[CONTROL] РЕЖИМ ОЧІКУВАННЯ: стрічка нічого не показує.
[CONTROL] Натисни ENTER у консолі, коли інтерв'ю перейде на англійську.
[CONTROL] Наступний ENTER поверне в очікування.
READY
[INFO] sufler mode: mic probe skipped
[INFO] Using default Windows microphone
[INFO] Adjusting for ambient noise from Default Speaker. Calibrating with built-in test tone...
[INFO] Completed ambient noise adjustment for Default Speaker.
[INFO] Loading Faster Whisper model (medium)...
[INFO] Faster Whisper using CUDA
[INFO] Loaded 285 prepared answers from answers.md
[INFO] AI suggestions enabled via https://opencode.ai/zen/go/v1 (glm-5.3-flash)
[INFO] global pause hotkey armed: Ctrl (works anywhere)
[CONTROL] РЕЖИМ ОЧІКУВАННЯ: стрічка нічого не показує.
[CONTROL] Натисни ENTER у консолі, коли інтерв'ю перейде на англійську.
[CONTROL] Наступний ENTER поверне в очікування.
READY
[CONTROL] ENTER -> АНГЛІЙСЬКИЙ РЕЖИМ АКТИВНИЙ (слухаю тільки нове)
[MATCH] question complete: explain how you would build an interactive UI for your that needs to react to dynamic real
[AI] error: TimeoutError('AI call exceeded 25s (latency 25.0s)')
[INFO] sufler mode: mic probe skipped
[INFO] Using default Windows microphone
[INFO] Adjusting for ambient noise from Default Speaker. Calibrating with built-in test tone...
[INFO] Completed ambient noise adjustment for Default Speaker.
[INFO] Loading Faster Whisper model (medium)...
[INFO] Faster Whisper using CUDA
[INFO] Loaded 285 prepared answers from answers.md
[INFO] AI suggestions enabled via https://opencode.ai/zen/go/v1 (glm-5.3-flash)
[INFO] global pause hotkey armed: Ctrl (works anywhere)
[CONTROL] --active: суфлер активований одразу (без ENTER)
[CONTROL] РЕЖИМ ОЧІКУВАННЯ: стрічка нічого не показує.
[CONTROL] Натисни ENTER у консолі, коли інтерв'ю перейде на англійську.
[CONTROL] Наступний ENTER поверне в очікування.
READY
[MATCH] question complete: Unity UI Ending With Unity UI and Xplio you would build an interactive If Unity Ui and Xpl
[AI] stream stalled, abandoned
[AI] error: TimeoutError('AI call exceeded 25s (latency 25.0s)')
[AI] stream: no content in 10s, falling back
[INFO] sufler mode: mic probe skipped
[INFO] Using default Windows microphone
[INFO] Adjusting for ambient noise from Default Speaker. Calibrating with built-in test tone...
[INFO] Completed ambient noise adjustment for Default Speaker.
[INFO] Loading Faster Whisper model (medium)...
[INFO] Faster Whisper using CUDA
[INFO] Loaded 285 prepared answers from answers.md
[INFO] AI suggestions enabled via https://opencode.ai/zen/go/v1 (glm-5.3-flash)
[INFO] global pause hotkey armed: Ctrl (works anywhere)
[CONTROL] РЕЖИМ ОЧІКУВАННЯ: стрічка нічого не показує.
[CONTROL] Натисни ENTER у консолі, коли інтерв'ю перейде на англійську.
[CONTROL] Наступний ENTER поверне в очікування.
READY
[CONTROL] ENTER -> АНГЛІЙСЬКИЙ РЕЖИМ АКТИВНИЙ (слухаю тільки нове)
[MATCH] question complete: I hope you enjoyed this video, and I hope you enjoyed it.
[PROMPT] START ribbon: I watch first, then change. I study how prefabs, folders, naming, Addr
[MATCH] question complete: explain how you would build an interactive viewer that needs to react dynamically in real-
[INFO] sufler mode: mic probe skipped
[INFO] Using default Windows microphone
[INFO] Adjusting for ambient noise from Default Speaker. Calibrating with built-in test tone...
[INFO] Completed ambient noise adjustment for Default Speaker.
[INFO] Loading Faster Whisper model (medium)...
[INFO] Faster Whisper using CUDA
[INFO] Loaded 285 prepared answers from answers.md
[INFO] AI suggestions enabled via https://opencode.ai/zen/go/v1 (glm-5.3-flash)
[INFO] global pause hotkey armed: Ctrl (works anywhere)
[CONTROL] РЕЖИМ ОЧІКУВАННЯ: стрічка нічого не показує.
[CONTROL] Натисни ENTER у консолі, коли інтерв'ю перейде на англійську.
[CONTROL] Наступний ENTER поверне в очікування.
READY
[INFO] sufler mode: mic probe skipped
[INFO] Using default Windows microphone
[INFO] Adjusting for ambient noise from Default Speaker. Calibrating with built-in test tone...
[INFO] Completed ambient noise adjustment for Default Speaker.
[INFO] Loading Faster Whisper model (medium)...
[INFO] Faster Whisper using CUDA
[INFO] Loaded 285 prepared answers from answers.md (+ INFO block 197961 chars)
[INFO] AI suggestions enabled via https://opencode.ai/zen/go/v1 (glm-5.3-flash)
[INFO] global pause hotkey armed: Ctrl (works anywhere)
[CONTROL] РЕЖИМ ОЧІКУВАННЯ: стрічка нічого не показує.
[CONTROL] Натисни ENTER у консолі, коли інтерв'ю перейде на англійську.
[CONTROL] Наступний ENTER поверне в очікування.
READY
[CONTROL] ENTER -> АНГЛІЙСЬКИЙ РЕЖИМ АКТИВНИЙ (слухаю тільки нове)
[MATCH] question complete: Can you describe your experience?
[PROMPT] START ribbon: I began in development with Flash and ActionScript 3. Then I moved to 
[MATCH] question complete: Can you describe your experience with Unity UI and experience with Unity UI?
[MATCH] question complete: Can you describe your experience with Unity UI and explain how you would build an Can you 
[MATCH] question complete: Can you describe your experience with Unity UI and explain how you would build an interact
[MATCH] question complete: Can you describe your experience with Unity UI and explain how you would build an interact
[PROMPT] START ribbon: I've worked with Unity UI a lot: Canvas, anchors, TextMeshPro, localiz
[AI] latency 5.6s, words 50
[AI] dynamic answer: I've worked with Unity UI a lot: Canvas, anchors, TextMeshPro, localization, and
[MATCH] question complete: Can you describe your experience with Unity UI and explain how you would build an interact
[AI] latency 2.9s, words 44
[AI] dynamic answer: I've integrated lots of UI in Unity over ten years: Canvases, TMP, animations, l
[MATCH] question complete: Can you describe your experience with Unity UI and explain how you would build an interact
[PROMPT] START ribbon: Over my 10 years I set up lots of Unity UI: HUD bars, popups, animatio
[AI] latency 3.8s, words 50
[AI] dynamic answer: Over my 10 years I set up lots of Unity UI: HUD bars, popups, animations, locali
[INFO] sufler mode: mic probe skipped
[INFO] Using default Windows microphone
[INFO] Adjusting for ambient noise from Default Speaker. Calibrating with built-in test tone...
[INFO] Completed ambient noise adjustment for Default Speaker.
[INFO] Loading Faster Whisper model (medium)...
[INFO] Faster Whisper using CUDA
[INFO] Loaded 285 prepared answers from answers.md (+ INFO block 197961 chars)
[INFO] global pause hotkey armed: Ctrl (works anywhere)
[CONTROL] РЕЖИМ ОЧІКУВАННЯ: стрічка нічого не показує.
[CONTROL] Натисни ENTER у консолі, коли інтерв'ю перейде на англійську.
[CONTROL] Наступний ENTER поверне в очікування.
READY
[CONTROL] ENTER -> АНГЛІЙСЬКИЙ РЕЖИМ АКТИВНИЙ (слухаю тільки нове)
[MATCH] question complete: Can you describe your experience with Unity UI and explain how you would build an interact
[AI] stream error: AttributeError("'SuggestionProvider' object has no attribute 'client'")
[AI] error: AttributeError("'SuggestionProvider' object has no attribute 'client'")
[INFO] sufler mode: mic probe skipped
[INFO] Using default Windows microphone
[INFO] Adjusting for ambient noise from Default Speaker. Calibrating with built-in test tone...
[INFO] Completed ambient noise adjustment for Default Speaker.
[INFO] Loading Faster Whisper model (medium)...
[INFO] Faster Whisper using CUDA
[INFO] Loaded 285 prepared answers from answers.md (+ INFO block 197961 chars)
[INFO] AI suggestions enabled via https://opencode.ai/zen/go/v1 (glm-5.3-flash)
[INFO] global pause hotkey armed: Ctrl (works anywhere)
[CONTROL] РЕЖИМ ОЧІКУВАННЯ: стрічка нічого не показує.
[CONTROL] Натисни ENTER у консолі, коли інтерв'ю перейде на англійську.
[CONTROL] Наступний ENTER поверне в очікування.
READY
[CONTROL] ENTER -> АНГЛІЙСЬКИЙ РЕЖИМ АКТИВНИЙ (слухаю тільки нове)
[MATCH] question complete: What is your experience with Addressables in Unity, and can you explain how you understand
[AI] stream error: APIError('Streaming response failed: [server_error] upstream service timeout')
[AI] error: TimeoutError('AI call exceeded 25s (latency 25.0s)')
[INFO] sufler mode: mic probe skipped
[INFO] Using default Windows microphone
[INFO] Adjusting for ambient noise from Default Speaker. Calibrating with built-in test tone...
[INFO] Completed ambient noise adjustment for Default Speaker.
[INFO] Loading Faster Whisper model (medium)...
[INFO] Faster Whisper using CUDA
[INFO] Loaded 285 prepared answers from answers.md (+ INFO block 197961 chars)
[INFO] AI suggestions enabled via https://opencode.ai/zen/go/v1 (glm-5.3-flash)
[INFO] global pause hotkey armed: Ctrl (works anywhere)
[CONTROL] РЕЖИМ ОЧІКУВАННЯ: стрічка нічого не показує.
[CONTROL] Натисни ENTER у консолі, коли інтерв'ю перейде на англійську.
[CONTROL] Наступний ENTER поверне в очікування.
READY
[CONTROL] ENTER -> АНГЛІЙСЬКИЙ РЕЖИМ АКТИВНИЙ (слухаю тільки нове)
[MATCH] question complete: How do you handle Atlas packing for hundreds of item icons?
[PROMPT] START ribbon: Group sprites that are shown together, keep UI apart from world art, a
[MATCH] question complete: What is your experience with addressables in Unity?
[MATCH] question complete: Can you explain how you would profile and fix a slow pop-up animation?
[PROMPT] START ribbon: I profile a development
[AI] latency 10.6s, words 43
[AI] dynamic answer: I profile a development build and check if the popup spike is CPU or GPU. Common
[MATCH] question complete: Why do you want to work at Playtica?
[MATCH] question complete: How would you organize localization for 12 languages and long German words?
[INFO] sufler mode: mic probe skipped
[INFO] Using default Windows microphone
[INFO] Adjusting for ambient noise from Default Speaker. Calibrating with built-in test tone...
[INFO] Completed ambient noise adjustment for Default Speaker.
[INFO] Loading Faster Whisper model (medium)...
[INFO] Faster Whisper using CUDA
[INFO] Loaded 285 prepared answers from answers.md (+ INFO block 197961 chars)
[INFO] AI suggestions enabled via https://opencode.ai/zen/go/v1 (glm-5.3-flash)
[INFO] global pause hotkey armed: Ctrl (works anywhere)
[CONTROL] --active: суфлер активований одразу (без ENTER)
[CONTROL] РЕЖИМ ОЧІКУВАННЯ: стрічка нічого не показує.
[CONTROL] Натисни ENTER у консолі, коли інтерв'ю перейде на англійську.
[CONTROL] Наступний ENTER поверне в очікування.
READY
[MATCH] question complete: How would you design a memory budget big UICene?
[PROMPT] START ribbon: Try UnityYAMLMerge first. If it fails, take one side and redo the othe
[MATCH] question complete: Why did you choose technical art?
[PROMPT] START ribbon: I love both art and solving technical problems. I can talk with artist
[MATCH] question complete: How do you handle Atlas packing for hundreds of item icons?
[PROMPT] START ribbon: Group sprites that are shown together, keep UI apart from world art, a
[MATCH] question complete: What is your experience with addressables in Unity?
[PROMPT] START ribbon: I know Unity assets well: atlases, UI, animation, and optimization. Wi
[MATCH] question complete: Can you explain how you would profile and fix a slow pop-up animation?
[PROMPT] START ribbon: I profile on
[AI] latency 2.8s, words 45
[AI] dynamic answer: I profile on the device first. In the Profiler I check the Timeline: if the pop-
[MATCH] question complete: Why do you want to work at Playtica?
[PROMPT] START ribbon: I like how this role works. It is more than adding art files. I would 
[MATCH] question complete: How would you organize localization for 12 languages and long German words?
[PROMPT] START ribbon: Show the problem on the device and a small tool or preset that makes t
[PROMPT] paused
[PROMPT] resumed
[PROMPT] paused
[PROMPT] resumed
[INFO] sufler mode: mic probe skipped
[INFO] Using default Windows microphone
[INFO] Adjusting for ambient noise from Default Speaker. Calibrating with built-in test tone...
[INFO] Completed ambient noise adjustment for Default Speaker.
[INFO] Loading Faster Whisper model (medium)...
[INFO] Faster Whisper using CUDA
[INFO] Loaded 285 prepared answers from answers.md (+ INFO block 197961 chars)
[INFO] AI suggestions enabled via https://opencode.ai/zen/go/v1 (glm-5.3-flash)
[INFO] global pause hotkey armed: Ctrl (works anywhere)
[CONTROL] --active: суфлер активований одразу (без ENTER)
[CONTROL] РЕЖИМ ОЧІКУВАННЯ: стрічка нічого не показує.
[CONTROL] Натисни ENTER у консолі, коли інтерв'ю перейде на англійську.
[CONTROL] Наступний ENTER поверне в очікування.
READY
[MATCH] new phrase epoch=1, silence=1.0s, q='Tell me about yourself.'
[MATCH] question complete: Tell me about yourself.
[PROMPT] START ribbon: I am a Unity Technical Artist. I have worked in games for over seven y
[MATCH] new phrase epoch=2, silence=0.6s, q='Tell me about yourself.'
[MATCH] question complete: Tell me about yourself.
[INFO] sufler mode: mic probe skipped
[INFO] Using default Windows microphone
[INFO] Adjusting for ambient noise from Default Speaker. Calibrating with built-in test tone...
[INFO] Completed ambient noise adjustment for Default Speaker.
[INFO] Loading Faster Whisper model (medium)...
[INFO] Faster Whisper using CUDA
[INFO] Loaded 285 prepared answers from answers.md (+ INFO block 197961 chars)
[INFO] AI suggestions enabled via https://opencode.ai/zen/go/v1 (glm-5.3-flash)
[INFO] global pause hotkey armed: Ctrl (works anywhere)
[CONTROL] --active: суфлер активований одразу (без ENTER)
[CONTROL] РЕЖИМ ОЧІКУВАННЯ: стрічка нічого не показує.
[CONTROL] Натисни ENTER у консолі, коли інтерв'ю перейде на англійську.
[CONTROL] Наступний ENTER поверне в очікування.
READY
[MATCH] new phrase epoch=1, silence=1.0s, q='Tell me about yourself.'
[MATCH] question complete: Tell me about yourself.
[PROMPT] START ribbon: I am a Unity Technical Artist. I have worked in games for over seven y
[MATCH] new phrase epoch=2, silence=0.5s, q='Tell me about yourself.'
[MATCH] question complete: Tell me about yourself.
[INFO] sufler mode: mic probe skipped
[INFO] Using default Windows microphone
[INFO] Adjusting for ambient noise from Default Speaker. Calibrating with built-in test tone...
[INFO] Completed ambient noise adjustment for Default Speaker.
[INFO] Loading Faster Whisper model (medium)...
[INFO] Faster Whisper using CUDA
[INFO] Loaded 285 prepared answers from answers.md (+ INFO block 197961 chars)
[INFO] AI suggestions enabled via https://opencode.ai/zen/go/v1 (glm-5.3-flash)
[INFO] global pause hotkey armed: Ctrl (works anywhere)
[CONTROL] --active: суфлер активований одразу (без ENTER)
[CONTROL] РЕЖИМ ОЧІКУВАННЯ: стрічка нічого не показує.
[CONTROL] Натисни ENTER у консолі, коли інтерв'ю перейде на англійську.
[CONTROL] Наступний ENTER поверне в очікування.
READY
[MATCH] new phrase epoch=1, silence=0.6s, q='How would you design a memory?'
[MATCH] new phrase epoch=2, silence=0.5s, q='How would you design a memory budget for a big UIC?'
[MATCH] question complete: How would you design a memory budget for a big UIC?
[PROMPT] START ribbon: I find the stable parts first: hierarchy, behavior, shared references,
[MATCH] new phrase epoch=3, silence=0.5s, q='Why did you choose Technic?'
[MATCH] new phrase epoch=4, silence=0.6s, q='Why did you choose technical art?'
[MATCH] question complete: Why did you choose technical art?
[PROMPT] START ribbon: I love both art and solving technical problems. I can talk with artist
[MATCH] new phrase epoch=5, silence=0.5s, q='How do you handle Atlas?'
[MATCH] new phrase epoch=6, silence=0.4s, q='How do you handle Atlas packing for hundreds of item?'
[MATCH] new phrase epoch=7, silence=0.6s, q='How do you handle Atlas packing for hundreds of item icons?'
[MATCH] question complete: How do you handle Atlas packing for hundreds of item icons?
[PROMPT] START ribbon: Group sprites that are shown together, keep UI apart from world art, a
[MATCH] new phrase epoch=8, silence=0.4s, q='What is your experience with'
[MATCH] question complete: What is your experience with What is your experience with addressables in Unity?
[PROMPT] START ribbon: I know Unity assets well: atlases, UI, animation, and optimization. Wi
[MATCH] new phrase epoch=9, silence=0.4s, q='Can you explain how you would'
[MATCH] new phrase epoch=10, silence=0.5s, q='Can you explain how you would profile and fix a slow popup a'
[MATCH] question complete: Can you explain how you would profile and fix a slow popup animation?
[PROMPT] START ribbon: I have worked with popup animations, UI transitions, tween animations,
[MATCH] new phrase epoch=11, silence=0.6s, q='Why do you want to work at'
[MATCH] question complete: Why do you want to work at Why do you want to work at Playtica?
[PROMPT] START ribbon: I like how this role works. It is more than adding art files. I would 
[MATCH] new phrase epoch=12, silence=0.5s, q='How would you organize local?'
[MATCH] new phrase epoch=13, silence=0.6s, q='How would you organize localization for 12 language language'
[MATCH] new phrase epoch=14, silence=0.6s, q='How would you organize localization for 12 languages and lon'
[MATCH] question complete: How would you organize localization for 12 languages and long German words?
[PROMPT] START ribbon: Show the problem on the device and a small tool or preset that makes t
